// Jest Snapshot v1, https://goo.gl/fbAQLP

exports[`<Main /> Assert DOM stability via snapshot 1`] = `
<section>
  <div
    id="number"
  >
    0
  </div>
  <div>
    <button
      id="left"
      onClick={[Function]}
    >
      +
    </button>
    <button
      id="right"
      onClick={[Function]}
    >
      -
    </button>
  </div>
</section>
`;
